// Jest Snapshot v1, https://goo.gl/fbAQLP

exports[`component matches the snapshot 1`] = `
<div>
  About Us 
  <br />
  Lorem, ipsum dolor sit amet consectetur adipisicing elit. Molestiae deleniti eligendi dolor, repellat beatae enim temporibus ea eveniet nihil ab assumenda illum quia aspernatur itaque sapiente hic ducimus incidunt
</div>
`;
